============================= test session starts =============================
platform win32 -- Python 3.10.11, pytest-7.4.3, pluggy-1.6.0 -- C:\Users\AMD\AppData\Local\Programs\Python\Python310\python.exe
cachedir: .pytest_cache
rootdir: C:\Users\AMD\Documents\Fractal_Claws
plugins: anyio-3.7.1, asyncio-0.21.1, typeguard-4.4.4
asyncio: mode=strict
collecting ... collected 234 items

tests/test_context_budget.py::TestFileHash::test_hash_deterministic PASSED [  0%]
tests/test_context_budget.py::TestFileHash::test_hash_changes_on_content_change PASSED [  0%]
tests/test_context_budget.py::TestEstimateTokens::test_empty_string PASSED [  1%]
tests/test_context_budget.py::TestEstimateTokens::test_known_length PASSED [  1%]
tests/test_context_budget.py::TestShouldRead::test_new_file_should_read PASSED [  2%]
tests/test_context_budget.py::TestShouldRead::test_cached_file_should_not_read PASSED [  2%]
tests/test_context_budget.py::TestShouldRead::test_changed_file_should_read PASSED [  2%]
tests/test_context_budget.py::TestShouldRead::test_missing_file_returns_false PASSED [  3%]
tests/test_context_budget.py::TestShouldRead::test_budget_exceeded_blocks_read PASSED [  3%]
tests/test_context_budget.py::TestMarkRead::test_mark_read_updates_cache_file PASSED [  4%]
tests/test_context_budget.py::TestMarkRead::test_mark_read_tracks_zone_usage PASSED [  4%]
tests/test_context_budget.py::TestBudgetReport::test_report_has_all_zones PASSED [  5%]
tests/test_context_budget.py::TestBudgetReport::test_report_sums_correctly PASSED [  5%]
tests/test_context_budget.py::TestGetReadSummary::test_returns_none_for_unread_file PASSED [  5%]
tests/test_context_budget.py::TestGetReadSummary::test_returns_summary_for_cached_file PASSED [  6%]
tests/test_context_budget.py::TestResetSession::test_clears_session_tracking PASSED [  6%]
tests/test_context_budget.py::TestResetSession::test_reset_preserves_persistent_cache PASSED [  7%]
tests/test_context_budget.py::TestPersistence::test_cache_survives_reload PASSED [  7%]
tests/test_first_principles_solver.py::TestFirstPrinciplesSolverInit::test_solver_init PASSED [  8%]
tests/test_first_principles_solver.py::TestComponentCreation::test_component_creation PASSED [  8%]
tests/test_first_principles_solver.py::TestComponentCreation::test_component_from_dict PASSED [  8%]
tests/test_first_principles_solver.py::TestTaskDecomposition::test_first_principles_breakdown PASSED [  9%]
tests/test_first_principles_solver.py::TestTaskDecomposition::test_recursive_decomposition PASSED [  9%]
tests/test_first_principles_solver.py::TestSolverStats::test_get_stats PASSED [ 10%]
tests/test_harness_artifacts.py::test_static_artifact_exists[output/word_freq.py] PASSED [ 10%]
tests/test_harness_artifacts.py::test_static_artifact_exists[output/report.md] PASSED [ 11%]
tests/test_harness_artifacts.py::test_artifact_nonempty[output/word_freq.py] PASSED [ 11%]
tests/test_harness_artifacts.py::test_artifact_nonempty[output/report.md] PASSED [ 11%]
tests/test_harness_artifacts.py::test_artifact_nonempty[output/audit.json] PASSED [ 12%]
tests/test_harness_artifacts.py::test_artifact_nonempty[output/harness_result.json] PASSED [ 12%]
tests/test_harness_artifacts.py::test_word_freq_contains_the PASSED      [ 13%]
tests/test_harness_artifacts.py::test_report_contains_top_words_section PASSED [ 13%]
tests/test_harness_artifacts.py::test_runtime_artifact_exists[output/audit.json] PASSED [ 14%]
tests/test_harness_artifacts.py::test_runtime_artifact_exists[output/harness_result.json] PASSED [ 14%]
tests/test_harness_artifacts.py::test_audit_json_schema PASSED           [ 14%]
tests/test_harness_artifacts.py::test_harness_result_passed PASSED       [ 15%]
tests/test_harness_artifacts.py::test_attempt_log_exists[logs/TASK-008-attempts.jsonl] PASSED [ 15%]
tests/test_harness_artifacts.py::test_attempt_log_exists[logs/TASK-009-attempts.jsonl] PASSED [ 16%]
tests/test_harness_artifacts.py::test_attempt_log_exists[logs/TASK-010-attempts.jsonl] PASSED [ 16%]
tests/test_harness_artifacts.py::test_attempt_log_exists[logs/TASK-011-attempts.jsonl] PASSED [ 17%]
tests/test_harness_artifacts.py::test_attempt_log_valid_jsonl[logs/TASK-008-attempts.jsonl] PASSED [ 17%]
tests/test_harness_artifacts.py::test_attempt_log_valid_jsonl[logs/TASK-009-attempts.jsonl] PASSED [ 17%]
tests/test_harness_artifacts.py::test_attempt_log_valid_jsonl[logs/TASK-010-attempts.jsonl] PASSED [ 18%]
tests/test_harness_artifacts.py::test_attempt_log_valid_jsonl[logs/TASK-011-attempts.jsonl] PASSED [ 18%]
tests/test_harness_artifacts.py::test_attempt_log_has_pass_outcome[logs/TASK-008-attempts.jsonl] PASSED [ 19%]
tests/test_harness_artifacts.py::test_attempt_log_has_pass_outcome[logs/TASK-009-attempts.jsonl] PASSED [ 19%]
tests/test_harness_artifacts.py::test_attempt_log_has_pass_outcome[logs/TASK-010-attempts.jsonl] PASSED [ 20%]
tests/test_harness_artifacts.py::test_attempt_log_has_pass_outcome[logs/TASK-011-attempts.jsonl] PASSED [ 20%]
tests/test_log_manager.py::test_ticket_id_extraction PASSED              [ 20%]
tests/test_log_manager.py::test_ticket_id_extraction_leading_zeros PASSED [ 21%]
tests/test_log_manager.py::test_protected_ids_empty_dir PASSED           [ 21%]
tests/test_log_manager.py::test_protected_ids_populated PASSED           [ 22%]
tests/test_log_manager.py::test_prune_noop_below_ceiling PASSED          [ 22%]
tests/test_log_manager.py::test_prune_noop_at_ceiling PASSED             [ 23%]
tests/test_log_manager.py::test_prune_noop_missing_log_dir PASSED        [ 23%]
tests/test_log_manager.py::test_prune_evicts_oldest_first PASSED         [ 23%]
tests/test_log_manager.py::test_prune_removes_result_txt_pair PASSED     [ 24%]
tests/test_log_manager.py::test_prune_count_return_value PASSED          [ 24%]
tests/test_log_manager.py::test_prune_skips_escalated_tickets PASSED     [ 25%]
tests/test_log_manager.py::test_prune_keep_escalated_false_evicts_escalated PASSED [ 25%]
tests/test_log_manager.py::test_prune_min_retain_protects_recent PASSED  [ 26%]
tests/test_log_manager.py::test_prune_min_retain_zero_evicts_all_eligible PASSED [ 26%]
tests/test_log_manager.py::test_prune_idempotent PASSED                  [ 26%]
tests/test_log_manager.py::test_prune_missing_result_txt_is_graceful PASSED [ 27%]
tests/test_multistep_harness.py::TestPhase1_ParentSpawnsChild::test_parent_creates_child_ticket PASSED [ 27%]
tests/test_multistep_harness.py::TestPhase2_ChildWritesScript::test_child_writes_fib_script PASSED [ 28%]
tests/test_multistep_harness.py::TestPhase3_ChildExecutesScript::test_child_executes_script PASSED [ 28%]
tests/test_multistep_harness.py::TestPhase4_ChildWritesReport::test_child_writes_report PASSED [ 29%]
tests/test_multistep_harness.py::TestPhase5_ParentAuditsChain::test_parent_audits_full_pipeline PASSED [ 29%]
tests/test_multistep_harness.py::TestFullPipeline::test_e2e_multistep_pipeline PASSED [ 29%]
tests/test_operator.py::TestOperatorInit::test_operator_init PASSED      [ 30%]
tests/test_operator.py::TestTicketCreation::test_ticket_creation PASSED  [ 30%]
tests/test_operator.py::TestTicketCreation::test_ticket_creation_with_title PASSED [ 31%]
tests/test_operator.py::TestTicketCreation::test_ticket_from_dict_id_key PASSED [ 31%]
tests/test_operator.py::TestTicketCreation::test_ticket_from_dict_ticket_id_key PASSED [ 32%]
tests/test_operator.py::TestTicketCreation::test_ticket_from_dict_no_id_raises PASSED [ 32%]
tests/test_operator.py::TestTicketCreation::test_ticket_to_dict PASSED   [ 32%]
tests/test_operator.py::TestTicketCreation::test_ticket_to_dict_includes_title PASSED [ 33%]
tests/test_operator.py::TestTicketCreation::test_ticket_round_trip PASSED [ 33%]
tests/test_operator.py::TestStatusAliasCoercion::test_status_open_coerced_to_pending PASSED [ 34%]
tests/test_operator.py::TestStatusAliasCoercion::test_status_failed_coerced_to_escalated PASSED [ 34%]
tests/test_operator.py::TestStatusAliasCoercion::test_status_in_progress_coerced_to_pending PASSED [ 35%]
tests/test_operator.py::TestStatusAliasCoercion::test_status_running_coerced_to_pending PASSED [ 35%]
tests/test_operator.py::TestStatusAliasCoercion::test_status_pending_passthrough PASSED [ 35%]
tests/test_operator.py::TestStatusAliasCoercion::test_status_escalated_passthrough PASSED [ 36%]
tests/test_operator.py::TestStatusAliasCoercion::test_status_closed_passthrough PASSED [ 36%]
tests/test_operator.py::TestStatusAliasCoercion::test_unknown_status_raises PASSED [ 37%]
tests/test_operator.py::TestStatusAliasCoercion::test_alias_map_exported PASSED [ 37%]
tests/test_operator.py::TestPriorityAliasCoercion::test_priority_urgent_coerced_to_critical PASSED [ 38%]
tests/test_operator.py::TestPriorityAliasCoercion::test_priority_high_passthrough PASSED [ 38%]
tests/test_operator.py::TestPriorityAliasCoercion::test_unknown_priority_raises PASSED [ 38%]
tests/test_operator.py::TestTitleField::test_title_defaults_to_empty_string PASSED [ 39%]
tests/test_operator.py::TestTitleField::test_title_round_trip PASSED     [ 39%]
tests/test_operator.py::TestTitleField::test_title_in_to_dict PASSED     [ 40%]
tests/test_operator.py::TestTitleField::test_title_from_yaml_dict PASSED [ 40%]
tests/test_operator.py::TestTitleField::test_title_missing_from_dict_defaults_empty PASSED [ 41%]
tests/test_operator.py::TestTaskDecomposition::test_first_principles_breakdown PASSED [ 41%]
tests/test_operator.py::TestTaskDecomposition::test_first_principles_all_names_present PASSED [ 41%]
tests/test_operator.py::TestTaskDecomposition::test_recursive_decomposition PASSED [ 42%]
tests/test_operator.py::TestTaskDecomposition::test_recursive_decomposition_step_names PASSED [ 42%]
tests/test_operator.py::TestValidationGates::test_validate_method PASSED [ 43%]
tests/test_operator.py::TestValidationGates::test_validate_gate_keys PASSED [ 43%]
tests/test_operator.py::TestFailureHandling::test_handle_failure_raises_exit PASSED [ 44%]
tests/test_operator.py::TestFailureHandling::test_capture_logs_creates_file PASSED [ 44%]
tests/test_operator.py::TestOperatorStats::test_get_stats PASSED         [ 44%]
tests/test_operator.py::TestOperatorStats::test_get_stats_closed PASSED  [ 45%]
tests/test_runner_dispatch.py::test_registry_registered_tools PASSED     [ 45%]
tests/test_runner_dispatch.py::test_dispatch_read_file PASSED            [ 46%]
tests/test_runner_dispatch.py::test_dispatch_write_file PASSED           [ 46%]
tests/test_runner_dispatch.py::test_dispatch_list_dir PASSED             [ 47%]
tests/test_runner_dispatch.py::test_dispatch_exec_python PASSED          [ 47%]
tests/test_runner_dispatch.py::test_dispatch_run_command PASSED          [ 47%]
tests/test_runner_dispatch.py::test_dispatch_unknown_tool FAILED         [ 48%]

================================== FAILURES ===================================
_________________________ test_dispatch_unknown_tool __________________________
tests\test_runner_dispatch.py:98: in test_dispatch_unknown_tool
    runner_module.REGISTRY.call("nonexistent_tool", {"path": "/"})
src\tools\registry.py:55: in call
    raise ToolNotFoundError(f"Tool not found: {name!r}")
E   src.tools.registry.ToolNotFoundError: "Tool not found: 'nonexistent_tool'"
=========================== short test summary info ===========================
FAILED tests/test_runner_dispatch.py::test_dispatch_unknown_tool - src.tools....
!!!!!!!!!!!!!!!!!!!!!!!!!! stopping after 1 failures !!!!!!!!!!!!!!!!!!!!!!!!!!
======================== 1 failed, 112 passed in 1.71s ========================
